src/tools/mentor.ts(1,54): error TS2835: Relative import paths need explicit file extensions in ECMAScript imports when '--moduleResolution' is 'node16' or 'nodenext'. Did you mean '../store.js'?
src/tools/mentor.ts(42,41): error TS7006: Parameter 's' implicitly has an 'any' type.
src/tools/mentor.ts(76,55): error TS7006: Parameter 's' implicitly has an 'any' type.
src/tools/shared.ts(1,23): error TS2835: Relative import paths need explicit file extensions in ECMAScript imports when '--moduleResolution' is 'node16' or 'nodenext'. Did you mean '../store.js'?
src/tools/student.ts(1,35): error TS2835: Relative import paths need explicit file extensions in ECMAScript imports when '--moduleResolution' is 'node16' or 'nodenext'. Did you mean '../store.js'?
src/tools/student.ts(10,38): error TS7006: Parameter 'c' implicitly has an 'any' type.
src/tools/student.ts(37,39): error TS7006: Parameter 'c' implicitly has an 'any' type.
